
--- 2026-07-21T14:36:39.033286+00:00 ---
To: noreply@local.dev
Subject: Allocated to p1
Hi Test User,

You have been allocated to project 'p1' at 60% FTE.

— Atlas Resource Management


--- 2026-07-21T14:36:39.033754+00:00 ---
To: noreply@local.dev
Subject: Allocated to p2
Hi Test User,

You have been allocated to project 'p2' at 50% FTE.

— Atlas Resource Management


--- 2026-07-21T14:36:39.034125+00:00 ---
To: noreply@local.dev
Subject: Allocated to p-risk
Hi Alice Dev,

You have been allocated to project 'p-risk' at 100% FTE.

— Atlas Resource Management


--- 2026-07-21T14:36:39.035076+00:00 ---
To: noreply@local.dev
Subject: Allocated to p-live
Hi Bob Bench,

You have been allocated to project 'p-live' at 50% FTE.

— Atlas Resource Management


--- 2026-07-21T14:36:39.035363+00:00 ---
To: noreply@local.dev
Subject: Released from p-live
Hi Bob Bench,

Your allocation on project 'p-live' has been released.

— Atlas Resource Management


--- 2026-07-21T15:28:30.275860+00:00 ---
To: noreply@local.dev
Subject: Released from p1
Hi Test User,

Your allocation on project 'p1' has been released.

— Atlas Resource Management


--- 2026-07-21T15:51:02.710773+00:00 ---
To: noreply@local.dev
Subject: Released from p-risk
Hi Alice Dev,

Your allocation on project 'p-risk' has been released.

— Atlas Resource Management


--- 2026-08-05T09:25:40.494351+00:00 ---
To: noreply@local.dev
Subject: Allocated to PRJ-010
Hi Vishnuprasad P S,

You have been allocated to project 'PRJ-010' at 50% FTE.

— Atlas Resource Management


--- 2026-08-05T09:25:40.496304+00:00 ---
To: noreply@local.dev
Subject: Allocated to PRJ-010
Hi Anagha Chandrababu,

You have been allocated to project 'PRJ-010' at 50% FTE.

— Atlas Resource Management


--- 2026-08-05T09:25:40.497328+00:00 ---
To: noreply@local.dev
Subject: Allocated to PRJ-010
Hi Dhanush S,

You have been allocated to project 'PRJ-010' at 50% FTE.

— Atlas Resource Management


--- 2026-08-05T09:25:40.498243+00:00 ---
To: noreply@local.dev
Subject: Allocated to PRJ-010
Hi Unnimaya B,

You have been allocated to project 'PRJ-010' at 50% FTE.

— Atlas Resource Management


--- 2026-08-05T09:25:40.499024+00:00 ---
To: noreply@local.dev
Subject: Allocated to PRJ-010
Hi Rameshwari Subburaman,

You have been allocated to project 'PRJ-010' at 50% FTE.

— Atlas Resource Management


--- 2026-08-05T09:25:40.499796+00:00 ---
To: noreply@local.dev
Subject: Allocated to PRJ-009
Hi Ram S Madhav,

You have been allocated to project 'PRJ-009' at 50% FTE.

— Atlas Resource Management


--- 2026-08-05T09:25:40.500363+00:00 ---
To: noreply@local.dev
Subject: Allocated to PRJ-009
Hi Vishakh B S,

You have been allocated to project 'PRJ-009' at 50% FTE.

— Atlas Resource Management


--- 2026-08-05T09:25:40.500759+00:00 ---
To: noreply@local.dev
Subject: Allocated to PRJ-009
Hi Amarnath A,

You have been allocated to project 'PRJ-009' at 50% FTE.

— Atlas Resource Management


--- 2026-08-05T09:25:40.501112+00:00 ---
To: noreply@local.dev
Subject: Allocated to PRJ-009
Hi Jeffin Jiju,

You have been allocated to project 'PRJ-009' at 50% FTE.

— Atlas Resource Management


--- 2026-08-05T09:25:40.501432+00:00 ---
To: noreply@local.dev
Subject: Allocated to PRJ-008
Hi Hridya A,

You have been allocated to project 'PRJ-008' at 50% FTE.

— Atlas Resource Management


--- 2026-08-05T09:25:40.501795+00:00 ---
To: noreply@local.dev
Subject: Allocated to PRJ-008
Hi Kalyani Sunilkumar,

You have been allocated to project 'PRJ-008' at 50% FTE.

— Atlas Resource Management


--- 2026-08-05T09:25:40.502137+00:00 ---
To: noreply@local.dev
Subject: Allocated to PRJ-008
Hi Minna Ancy Mathew,

You have been allocated to project 'PRJ-008' at 50% FTE.

— Atlas Resource Management


--- 2026-08-05T09:25:40.502506+00:00 ---
To: noreply@local.dev
Subject: Allocated to PRJ-008
Hi Tinoy Thomas,

You have been allocated to project 'PRJ-008' at 50% FTE.

— Atlas Resource Management


--- 2026-08-05T09:25:40.502878+00:00 ---
To: noreply@local.dev
Subject: Allocated to PRJ-011
Hi Janajith D,

You have been allocated to project 'PRJ-011' at 50% FTE.

— Atlas Resource Management


--- 2026-08-05T09:25:40.503194+00:00 ---
To: noreply@local.dev
Subject: Allocated to rm-vibe-edu-564d8f6c
Hi Gouri S Govind,

You have been allocated to project 'rm-vibe-edu-564d8f6c' at 50% FTE.

— Atlas Resource Management


--- 2026-08-05T09:25:40.503458+00:00 ---
To: noreply@local.dev
Subject: Allocated to rm-vibe-edu-564d8f6c
Hi Anagha Anil Kumar,

You have been allocated to project 'rm-vibe-edu-564d8f6c' at 50% FTE.

— Atlas Resource Management


--- 2026-08-05T09:25:40.503791+00:00 ---
To: noreply@local.dev
Subject: Allocated to rm-vibe-edu-564d8f6c
Hi Rohith Mohan,

You have been allocated to project 'rm-vibe-edu-564d8f6c' at 50% FTE.

— Atlas Resource Management


--- 2026-08-05T09:25:40.504187+00:00 ---
To: noreply@local.dev
Subject: Allocated to PRJ-011
Hi Aarshit S L,

You have been allocated to project 'PRJ-011' at 50% FTE.

— Atlas Resource Management


--- 2026-08-05T09:25:40.504584+00:00 ---
To: noreply@local.dev
Subject: Allocated to rm-streak-project-management-d353bb20
Hi Vishnu Sankar S,

You have been allocated to project 'rm-streak-project-management-d353bb20' at 50% FTE.

— Atlas Resource Management


--- 2026-08-05T09:25:40.504895+00:00 ---
To: noreply@local.dev
Subject: Allocated to rm-organizational-activity-d9b9bbd3
Hi Shilpa S Nair,

You have been allocated to project 'rm-organizational-activity-d9b9bbd3' at 50% FTE.

— Atlas Resource Management


--- 2026-08-05T09:53:06.059390+00:00 ---
To: noreply@local.dev
Subject: Allocated to rm-organizational-activity-d9b9bbd3
Hi Sarath N,

You have been allocated to project 'rm-organizational-activity-d9b9bbd3' at 50% FTE.

— Atlas Resource Management


--- 2026-08-05T09:53:06.059771+00:00 ---
To: noreply@local.dev
Subject: Allocated to rm-organizational-activity-d9b9bbd3
Hi Aju Joseph,

You have been allocated to project 'rm-organizational-activity-d9b9bbd3' at 50% FTE.

— Atlas Resource Management


--- 2026-08-05T09:53:06.060054+00:00 ---
To: noreply@local.dev
Subject: Allocated to rm-organizational-activity-d9b9bbd3
Hi Archa R,

You have been allocated to project 'rm-organizational-activity-d9b9bbd3' at 50% FTE.

— Atlas Resource Management


--- 2026-08-05T09:53:06.060369+00:00 ---
To: noreply@local.dev
Subject: Allocated to rm-streak-project-management-d353bb20
Hi Riju Thomas,

You have been allocated to project 'rm-streak-project-management-d353bb20' at 50% FTE.

— Atlas Resource Management


--- 2026-08-05T09:53:06.060750+00:00 ---
To: noreply@local.dev
Subject: Allocated to PRJ-005
Hi Shinin Babu,

You have been allocated to project 'PRJ-005' at 50% FTE.

— Atlas Resource Management


--- 2026-08-05T09:53:06.061012+00:00 ---
To: noreply@local.dev
Subject: Allocated to rm-nexus-30655b6a
Hi Sivaprasad T P,

You have been allocated to project 'rm-nexus-30655b6a' at 50% FTE.

— Atlas Resource Management


--- 2026-08-05T09:53:06.061278+00:00 ---
To: noreply@local.dev
Subject: Allocated to rm-nexus-30655b6a
Hi Syamily Divakaran,

You have been allocated to project 'rm-nexus-30655b6a' at 50% FTE.

— Atlas Resource Management


--- 2026-08-05T09:53:06.061526+00:00 ---
To: noreply@local.dev
Subject: Allocated to rm-nexus-30655b6a
Hi Naseef O,

You have been allocated to project 'rm-nexus-30655b6a' at 50% FTE.

— Atlas Resource Management


--- 2026-08-05T09:53:06.061784+00:00 ---
To: noreply@local.dev
Subject: Allocated to rm-nexus-30655b6a
Hi Kishore kumar P,

You have been allocated to project 'rm-nexus-30655b6a' at 50% FTE.

— Atlas Resource Management


--- 2026-08-05T09:53:06.062091+00:00 ---
To: noreply@local.dev
Subject: Allocated to rm-nexus-30655b6a
Hi Sandeep Raj V R,

You have been allocated to project 'rm-nexus-30655b6a' at 50% FTE.

— Atlas Resource Management


--- 2026-08-05T09:53:06.062411+00:00 ---
To: noreply@local.dev
Subject: Allocated to PRJ-005
Hi Shinin Babu,

You have been allocated to project 'PRJ-005' at 50% FTE.

— Atlas Resource Management


--- 2026-08-05T09:53:06.062744+00:00 ---
To: noreply@local.dev
Subject: Allocated to PRJ-005
Hi Shinin Babu,

You have been allocated to project 'PRJ-005' at 50% FTE.

— Atlas Resource Management


--- 2026-08-05T09:53:06.063081+00:00 ---
To: noreply@local.dev
Subject: Allocated to PRJ-005
Hi Shinin Babu,

You have been allocated to project 'PRJ-005' at 50% FTE.

— Atlas Resource Management


--- 2026-08-05T09:53:06.063433+00:00 ---
To: noreply@local.dev
Subject: Allocated to rm-streak-js-website-aad9d678
Hi Shinin Babu,

You have been allocated to project 'rm-streak-js-website-aad9d678' at 50% FTE.

— Atlas Resource Management


--- 2026-08-05T09:53:06.063945+00:00 ---
To: noreply@local.dev
Subject: Allocated to PRJ-009
Hi Shamseer B,

You have been allocated to project 'PRJ-009' at 50% FTE.

— Atlas Resource Management


--- 2026-08-05T09:53:06.064823+00:00 ---
To: noreply@local.dev
Subject: Allocated to rm-digital-marketing-project-4ef67612
Hi Chandana G,

You have been allocated to project 'rm-digital-marketing-project-4ef67612' at 50% FTE.

— Atlas Resource Management


--- 2026-08-05T09:53:06.065400+00:00 ---
To: noreply@local.dev
Subject: Allocated to rm-digital-marketing-project-4ef67612
Hi Kevin Millet,

You have been allocated to project 'rm-digital-marketing-project-4ef67612' at 50% FTE.

— Atlas Resource Management


--- 2026-08-05T09:53:06.066113+00:00 ---
To: noreply@local.dev
Subject: Allocated to rm-digital-marketing-project-4ef67612
Hi Nanda Kishor V,

You have been allocated to project 'rm-digital-marketing-project-4ef67612' at 50% FTE.

— Atlas Resource Management


--- 2026-08-05T09:53:06.068072+00:00 ---
To: noreply@local.dev
Subject: Allocated to rm-marketing-and-design-2184e26f
Hi Navaneesh Chandran R,

You have been allocated to project 'rm-marketing-and-design-2184e26f' at 50% FTE.

— Atlas Resource Management


--- 2026-08-05T09:53:06.069108+00:00 ---
To: noreply@local.dev
Subject: Allocated to rm-marketing-and-design-2184e26f
Hi Shaan Jess Francis,

You have been allocated to project 'rm-marketing-and-design-2184e26f' at 50% FTE.

— Atlas Resource Management


--- 2026-08-05T09:53:06.069457+00:00 ---
To: noreply@local.dev
Subject: Allocated to rm-digital-marketing-project-4ef67612
Hi Revathi Sunitha R A,

You have been allocated to project 'rm-digital-marketing-project-4ef67612' at 50% FTE.

— Atlas Resource Management


--- 2026-08-05T09:53:06.070642+00:00 ---
To: noreply@local.dev
Subject: Allocated to rm-nexus-30655b6a
Hi Devika Thulasi,

You have been allocated to project 'rm-nexus-30655b6a' at 50% FTE.

— Atlas Resource Management


--- 2026-08-05T09:53:06.072665+00:00 ---
To: noreply@local.dev
Subject: Allocated to PRJ-008
Hi Tinoy Thomas,

You have been allocated to project 'PRJ-008' at 50% FTE.

— Atlas Resource Management


--- 2026-08-05T09:53:06.073599+00:00 ---
To: noreply@local.dev
Subject: Allocated to PRJ-008
Hi Greeshma George,

You have been allocated to project 'PRJ-008' at 50% FTE.

— Atlas Resource Management


--- 2026-08-05T09:53:06.075965+00:00 ---
To: noreply@local.dev
Subject: Allocated to rm-alfuttaim-project-f6d84710
Hi Soyadha Ravindran,

You have been allocated to project 'rm-alfuttaim-project-f6d84710' at 50% FTE.

— Atlas Resource Management


--- 2026-08-05T09:53:06.076813+00:00 ---
To: noreply@local.dev
Subject: Allocated to PRJ-008
Hi Neeraj R,

You have been allocated to project 'PRJ-008' at 50% FTE.

— Atlas Resource Management


--- 2026-08-05T09:53:06.077852+00:00 ---
To: noreply@local.dev
Subject: Allocated to rm-streak-project-management-d353bb20
Hi Mohammed Shabeer,

You have been allocated to project 'rm-streak-project-management-d353bb20' at 50% FTE.

— Atlas Resource Management


--- 2026-08-05T09:53:06.079169+00:00 ---
To: noreply@local.dev
Subject: Allocated to rm-practiz-fd6e965d
Hi Nithin R,

You have been allocated to project 'rm-practiz-fd6e965d' at 50% FTE.

— Atlas Resource Management


--- 2026-08-05T09:53:06.080211+00:00 ---
To: noreply@local.dev
Subject: Allocated to rm-akeneo-migration-project-e57f09d7
Hi Muhammad Shafeeqe D,

You have been allocated to project 'rm-akeneo-migration-project-e57f09d7' at 50% FTE.

— Atlas Resource Management


--- 2026-08-05T09:53:06.081968+00:00 ---
To: noreply@local.dev
Subject: Allocated to rm-vibe-edu-564d8f6c
Hi Neeraj R,

You have been allocated to project 'rm-vibe-edu-564d8f6c' at 100% FTE.

— Atlas Resource Management


--- 2026-08-05T09:53:06.083178+00:00 ---
To: noreply@local.dev
Subject: Allocated to rm-streak-devops-8bffa57e
Hi Diljith Girish,

You have been allocated to project 'rm-streak-devops-8bffa57e' at 100% FTE.

— Atlas Resource Management


--- 2026-08-05T09:53:06.084589+00:00 ---
To: noreply@local.dev
Subject: Allocated to PRJ-005
Hi Indrajith C,

You have been allocated to project 'PRJ-005' at 100% FTE.

— Atlas Resource Management


--- 2026-08-05T09:53:06.085517+00:00 ---
To: noreply@local.dev
Subject: Allocated to PRJ-005
Hi Rakesh Kesavan,

You have been allocated to project 'PRJ-005' at 100% FTE.

— Atlas Resource Management


--- 2026-08-05T09:53:06.086450+00:00 ---
To: noreply@local.dev
Subject: Allocated to PRJ-005
Hi Rakesh Kesavan,

You have been allocated to project 'PRJ-005' at 100% FTE.

— Atlas Resource Management


--- 2026-08-05T09:53:06.087518+00:00 ---
To: noreply@local.dev
Subject: Allocated to rm-streak-js-core-cecd228a
Hi Rakesh Kesavan,

You have been allocated to project 'rm-streak-js-core-cecd228a' at 100% FTE.

— Atlas Resource Management


--- 2026-08-05T09:53:06.088810+00:00 ---
To: noreply@local.dev
Subject: Allocated to rm-streak-js-core-cecd228a
Hi Indrajith C,

You have been allocated to project 'rm-streak-js-core-cecd228a' at 100% FTE.

— Atlas Resource Management


--- 2026-08-05T09:53:06.090086+00:00 ---
To: noreply@local.dev
Subject: Allocated to rm-streak-js-core-cecd228a
Hi Vishnu Sankar S,

You have been allocated to project 'rm-streak-js-core-cecd228a' at 100% FTE.

— Atlas Resource Management


--- 2026-08-05T09:53:06.091162+00:00 ---
To: noreply@local.dev
Subject: Allocated to rm-streak-js-core-cecd228a
Hi Naseef O,

You have been allocated to project 'rm-streak-js-core-cecd228a' at 100% FTE.

— Atlas Resource Management


--- 2026-08-05T09:53:06.091467+00:00 ---
To: noreply@local.dev
Subject: Allocated to rm-streak-js-core-cecd228a
Hi Neeraj R,

You have been allocated to project 'rm-streak-js-core-cecd228a' at 100% FTE.

— Atlas Resource Management


--- 2026-08-05T09:53:06.091843+00:00 ---
To: noreply@local.dev
Subject: Allocated to rm-vibe-edu-564d8f6c
Hi Ashna S,

You have been allocated to project 'rm-vibe-edu-564d8f6c' at 50% FTE.

— Atlas Resource Management


--- 2026-08-05T09:53:06.092356+00:00 ---
To: noreply@local.dev
Subject: Released from rm-organizational-activity-d9b9bbd3
Hi Archa R,

Your allocation on 'rm-organizational-activity-d9b9bbd3' has been released.

Active projects you can explore next:
  (none listed right now)

Who to contact for staffing:
  (contact emails not configured yet — ask your resource manager)

— Atlas Resource Management


--- 2026-08-05T09:53:06.093907+00:00 ---
To: noreply@local.dev
Subject: Allocated to rm-hr-recruitment-d645bb05
Hi Archa R,

You have been allocated to project 'rm-hr-recruitment-d645bb05' at 50% FTE.

— Atlas Resource Management


--- 2026-08-05T09:53:06.094641+00:00 ---
To: noreply@local.dev
Subject: Released from rm-organizational-activity-d9b9bbd3
Hi Sarath N,

Your allocation on 'rm-organizational-activity-d9b9bbd3' has been released.

Active projects you can explore next:
  (none listed right now)

Who to contact for staffing:
  (contact emails not configured yet — ask your resource manager)

— Atlas Resource Management


--- 2026-08-05T09:53:06.095141+00:00 ---
To: noreply@local.dev
Subject: Allocated to rm-hr-finance-1cb0596c
Hi Sarath N,

You have been allocated to project 'rm-hr-finance-1cb0596c' at 50% FTE.

— Atlas Resource Management


--- 2026-08-05T09:53:06.095586+00:00 ---
To: noreply@local.dev
Subject: Allocated to PRJ-003
Hi Ram S Madhav,

You have been allocated to project 'PRJ-003' at 10% FTE.

— Atlas Resource Management


--- 2026-08-05T09:53:06.096482+00:00 ---
To: noreply@local.dev
Subject: Allocated to PRJ-010
Hi Amarnath A,

You have been allocated to project 'PRJ-010' at 100% FTE.

— Atlas Resource Management


--- 2026-08-05T09:53:06.097506+00:00 ---
To: noreply@local.dev
Subject: Allocated to PRJ-007
Hi Anagha Anil Kumar,

You have been allocated to project 'PRJ-007' at 100% FTE.

— Atlas Resource Management

